// Vitest Snapshot v1, https://vitest.dev/guide/snapshot.html

exports[`chaotic replay projection pipeline > handles dropped middle events without breaking deterministic output shape 1`] = `"discovered:na:SIG_MALFORMED|discovered:4vJ9JU1bJJE96FWSJKvHsmmFADCg4gpZQff4P3bkLKi:SIG_TASK_CREATED|completed:4vJ9JU1bJJE96FWSJKvHsmmFADCg4gpZQff4P3bkLKi:SIG_TASK_COMPLETED_DUP|dispute:initiated:4vJ9JU1bJJE96FWSJKvHsmmFADCg4gpZQff4P3bkLKi:SIG_DISPUTE_INIT|speculation_started:4vJ9JU1bJJE96FWSJKvHsmmFADCg4gpZQff4P3bkLKi:SIG_SPECULATION_START|speculation_confirmed:4vJ9JU1bJJE96FWSJKvHsmmFADCg4gpZQff4P3bkLKi:SIG_SPECULATION_CONFIRM|speculation_aborted:4vJ9JU1bJJE96FWSJKvHsmmFADCg4gpZQff4P3bkLKi:SIG_SPECULATION_ABORT"`;

exports[`chaotic replay projection pipeline > remains deterministic for out-of-order and duplicated chaos streams in lenient mode 1`] = `"discovered:na:SIG_MALFORMED|discovered:4vJ9JU1bJJE96FWSJKvHsmmFADCg4gpZQff4P3bkLKi:SIG_TASK_CREATED|claimed:4vJ9JU1bJJE96FWSJKvHsmmFADCg4gpZQff4P3bkLKi:SIG_TASK_CLAIMED|completed:4vJ9JU1bJJE96FWSJKvHsmmFADCg4gpZQff4P3bkLKi:SIG_TASK_COMPLETED_DUP|dispute:initiated:4vJ9JU1bJJE96FWSJKvHsmmFADCg4gpZQff4P3bkLKi:SIG_DISPUTE_INIT|speculation_started:4vJ9JU1bJJE96FWSJKvHsmmFADCg4gpZQff4P3bkLKi:SIG_SPECULATION_START|speculation_confirmed:4vJ9JU1bJJE96FWSJKvHsmmFADCg4gpZQff4P3bkLKi:SIG_SPECULATION_CONFIRM|speculation_aborted:4vJ9JU1bJJE96FWSJKvHsmmFADCg4gpZQff4P3bkLKi:SIG_SPECULATION_ABORT"`;
